../Core/Src/main.c:121:11:readInputs	24	static
../Core/Src/main.c:164:6:allRelayOff	8	static
../Core/Src/main.c:175:6:allRelayOn	8	static
../Core/Src/main.c:188:6:sendUSB_BMS_state	192	static
../Core/Src/main.c:207:6:sendUSB_Relay_State	176	static
../Core/Src/main.c:224:6:serialPrintln	152	static
../Core/Src/main.c:243:5:main	56	static
../Core/Src/main.c:483:6:SystemClock_Config	88	static
../Core/Src/main.c:530:13:MX_SPI1_Init	8	static
../Core/Src/main.c:568:13:MX_USART1_UART_Init	8	static
../Core/Src/main.c:601:13:MX_GPIO_Init	40	static
../Core/Src/main.c:682:6:Error_Handler	4	static,ignoring_inline_asm
